// Jest Snapshot v1, https://goo.gl/fbAQLP

exports[`ContactSuccess tests renders correctly 1`] = `
<div>
  <div
    class="container"
  >
    <h1
      class="form_success"
    >
      We have received your request!
    </h1>
    <img
      alt="success"
      class="form_img_2"
      src="https://raw.githubusercontent.com/briancodex/react-form-v1/286f4a4603bda257ae001dc57c74d7f30bd4eedb/public/img/img-3.svg"
    />
  </div>
</div>
`;
